// Jest Snapshot v1, https://goo.gl/fbAQLP

exports[`Pruebas en Router del Daybook El router debe de tener esta configuracion 1`] = `""`;
