// Jest Snapshot v1, https://goo.gl/fbAQLP

exports[`PokemonPage Component Debe de hacer match con el snapshot 1`] = `<h1>Espere por favor....</h1>`;

exports[`PokemonPage Component Debe de hacer match con el snaptshot cuando cargan los pokemons 1`] = `
<div>
  <h1>¿Quién es este pokémon?</h1><!-- todo: Img -->
  <pokemon-picture-stub pokemonid="1" showpokemon="false"></pokemon-picture-stub>
  <!--? Se manda la properti de id al componente  -->
  <!-- Todo: Opciones -->
  <pokemon-options-stub pokemons="[object Object],[object Object],[object Object],[object Object]"></pokemon-options-stub>
  <!--  ? Con el @selection, se escucha el evento que se creo en el componente hijo PokemonOPtions, 
            ? se puede llamar unicamente la erferencia al metodo, con los parentesis se puede mandar los argumentos 
            ? que se reciben, checkAnswer(1, $event) se pueden enviar tambien los que se generen ahi como el 1, y el $event es el que recibe 
            ? y manda a la funcion, tambien se puede dejar sin parentesis para pasar el unico elemento que recibe
      ?-->
  <!--v-if-->
</div>
`;
